// Jest Snapshot v1, https://goo.gl/fbAQLP

exports[`URL utility should have a list of urls 1`] = `
Object {
  "accountManagement": "/account-management",
  "agenda": "/agenda",
  "agendaWithParams": [Function],
  "attributeCollector": "/attribute-collector",
  "bookings": "/bookings",
  "bookingsTourId": [Function],
  "calendar": "/calendar",
  "company": "https://www.reservando.com/about",
  "companyDetails": "/company-details",
  "contact": "/contact",
  "customer": "https://www.reservando.com",
  "ecoCertification": "/eco-certification",
  "ecoCertificationFAQ": "https://supplier-support.reservando.com/en/support/solutions/articles/15000036623-getting-an-eco-badge-for-your-activities",
  "faqs": Object {
    "location": "https://supplier-support.reservando.com/en/support/solutions/articles/15000037433",
    "main": "https://supplier-support.reservando.com/en/support/home",
    "options": "https://supplier-support.reservando.com/en/support/solutions/articles/15000028789",
    "sampleVoucher": "https://supplier-support.reservando.com/en/support/solutions/articles/15000036546",
  },
  "forgotPassword": "/login/#/forgot-password",
  "home": "/home",
  "index": "/",
  "integratorPortal": "http://integrator.reservando.com/",
  "legal": "/legal",
  "login": "/login",
  "loginRedirect": [Function],
  "notFound": "/not-found",
  "partnerPortal": "http://partner.reservando.com/",
  "paymentBilling": "/payment-billing",
  "paymentBillingPaymentsTab": "/payment-billing#payment-details",
  "privacyPolicy": "https://www.reservando.com/privacy_policy",
  "products": Object {
    "create": Object {
      "availability": "/products/create/#/availability",
      "availabilityEdit": [Function],
      "index": "/products/create/",
      "option": "/products/create/#/optionSetup",
      "optionEdit": [Function],
      "pictures": "/products/create/#/pictures",
      "pricing": "/products/create/#/pricing",
      "pricingEdit": [Function],
      "title": "/products/create/#/title",
      "tourEdit": [Function],
      "tourNewOption": [Function],
      "tourResume": [Function],
    },
    "details": Object {
      "availabilities": [Function],
      "changeRequests": [Function],
      "index": [Function],
      "optimize": [Function],
      "setup": [Function],
    },
    "list": [Function],
  },
  "register": "/register",
  "reviews": "/reviews",
  "reviewsTourId": [Function],
  "social": Object {
    "blog": "https://www.reservando.com/magazine/",
    "facebook": "https://www.facebook.com/reservando/",
    "twitter": "https://twitter.com/reservando",
  },
  "specialOfferCreate": "/special-offers",
  "specialOffers": "/special-offers",
  "supplierBlog": "https://supplier-blog.reservando.com/",
  "termsConditions": Object {
    "platformRules": "/terms-conditions#platform-rules",
    "terms": "/terms-conditions#terms",
  },
  "termsOfBusiness": "https://www.reservando.com/terms_of_business",
  "termsUse": "/terms-use",
}
`;
