// Jest Snapshot v1, https://goo.gl/fbAQLP

exports[`NotFoundPage should render 1`] = `
"<page-stub title='' pagetitle='pNotFound_cText_BodyTitle' id='not-found' type='normal' header='[object Object]' footer='[object Object]' tracking='[object Object]' infoboxvisible='[function cleaned]' hideinfobox='() => '$storeAction'' snackbarmessage='' snackbartype='error' snackbardelay='5000' hastitle='true'>
  <div class='page-not-found__graphic page-not-found__graphic--webp'></div>
  <h3 class='page-not-found__title'>
    pNotFound_cText_BodyTitle
  </h3>
  <p class='page-not-found__text'>
    pNotFound_cText_BodyText
  </p>
  <gygbutton-stub size='medium' modifier='outline-light' type='button' href='/' class='page-not-found__cta'>
    pNotFound_cText_BodyCta
  </gygbutton-stub>
</page-stub>
"
`;
